stm32h7xx_ll_system.h:2332:22:LL_FLASH_SetLatency	16	static
stm32h7xx_ll_system.h:2350:26:LL_FLASH_GetLatency	4	static
stm32h7xx_ll_utils.h:352:22:LL_InitTick	16	static
stm32h7xx_ll_rcc.h:1631:22:LL_RCC_HSE_EnableBypass	4	static
stm32h7xx_ll_rcc.h:1641:22:LL_RCC_HSE_DisableBypass	4	static
stm32h7xx_ll_rcc.h:1673:22:LL_RCC_HSE_Enable	4	static
stm32h7xx_ll_rcc.h:1693:26:LL_RCC_HSE_IsReady	4	static
stm32h7xx_ll_rcc.h:1711:22:LL_RCC_HSI_Enable	4	static
stm32h7xx_ll_rcc.h:1731:26:LL_RCC_HSI_IsReady	4	static
stm32h7xx_ll_rcc.h:1770:26:LL_RCC_HSI_GetDivider	4	static
stm32h7xx_ll_rcc.h:2412:22:LL_RCC_SetSysClkSource	16	static
stm32h7xx_ll_rcc.h:2426:26:LL_RCC_GetSysClkSource	4	static
stm32h7xx_ll_rcc.h:2496:22:LL_RCC_SetSysPrescaler	16	static
stm32h7xx_ll_rcc.h:2520:22:LL_RCC_SetAHBPrescaler	16	static
stm32h7xx_ll_rcc.h:2540:22:LL_RCC_SetAPB1Prescaler	16	static
stm32h7xx_ll_rcc.h:2560:22:LL_RCC_SetAPB2Prescaler	16	static
stm32h7xx_ll_rcc.h:2580:22:LL_RCC_SetAPB3Prescaler	16	static
stm32h7xx_ll_rcc.h:2600:22:LL_RCC_SetAPB4Prescaler	16	static
stm32h7xx_ll_rcc.h:4305:22:LL_RCC_PLL_SetSource	16	static
stm32h7xx_ll_rcc.h:4329:22:LL_RCC_PLL1_Enable	4	static
stm32h7xx_ll_rcc.h:4350:26:LL_RCC_PLL1_IsReady	4	static
stm32h7xx_ll_rcc.h:4361:22:LL_RCC_PLL1P_Enable	4	static
stm32h7xx_ll_rcc.h:4393:22:LL_RCC_PLL1FRACN_Enable	4	static
stm32h7xx_ll_rcc.h:4490:22:LL_RCC_PLL1_SetVCOOutputRange	16	static
stm32h7xx_ll_rcc.h:4506:22:LL_RCC_PLL1_SetVCOInputRange	16	static
stm32h7xx_ll_rcc.h:4577:22:LL_RCC_PLL1_SetN	16	static
stm32h7xx_ll_rcc.h:4588:22:LL_RCC_PLL1_SetM	16	static
stm32h7xx_ll_rcc.h:4601:22:LL_RCC_PLL1_SetP	16	static
stm32h7xx_ll_rcc.h:4633:22:LL_RCC_PLL1_SetFRACN	16	static
stm32h7xx_ll_rcc.h:4664:26:LL_RCC_PLL2_IsReady	4	static
stm32h7xx_ll_rcc.h:4976:26:LL_RCC_PLL3_IsReady	4	static
stm32h7xx_ll_pwr.h:1596:26:LL_PWR_GetRegulVoltageScaling	4	static
stm32h7xx_ll_utils.c:289:6:LL_Init1msTick	16	static
stm32h7xx_ll_utils.c:306:6:LL_mDelay	24	static
stm32h7xx_ll_utils.c:474:6:LL_SetSystemCoreClock	16	static
stm32h7xx_ll_utils.c:501:13:LL_PLL_ConfigSystemClock_HSI	32	static
stm32h7xx_ll_utils.c:597:13:LL_PLL_ConfigSystemClock_HSE	32	static
stm32h7xx_ll_utils.c:691:13:LL_SetFlashLatency	32	static
stm32h7xx_ll_utils.c:920:17:UTILS_GetPLLOutputFrequency	32	static
stm32h7xx_ll_utils.c:941:20:UTILS_IsPLLsReady	16	static
stm32h7xx_ll_utils.c:978:20:UTILS_EnablePLLAndSwitchSystem	24	static
